12:45:05 **** Incremental Build of configuration Debug for project Test001 ****
make -j8 all 
arm-none-eabi-gcc "../Core/Src/main.c" -mcpu=cortex-m4 -std=gnu11 -g3 -DDEBUG -DSTM32F446xx -c -I../Core/Inc -I../Drivers/STM32F4xx_HAL_Driver/Inc -I../Drivers/STM32F4xx_HAL_Driver/Inc/Legacy -I../Drivers/CMSIS/Device/ST/STM32F4xx/Include -I../Drivers/CMSIS/Include -O0 -ffunction-sections -fdata-sections -Wall -fstack-usage -MMD -MP -MF"Core/Src/main.d" -MT"Core/Src/main.o" --specs=nano.specs -mfpu=fpv4-sp-d16 -mfloat-abi=hard -mthumb -o "Core/Src/main.o"
../Core/Src/main.c: In function 'main':
../Core/Src/main.c:23:12: warning: format '%lu' expects argument of type 'long unsigned int', but argument 2 has type 'int' [-Wformat=]
   23 |  printf("%lu\n",var1);
      |          ~~^    ~~~~
      |            |    |
      |            |    int
      |            long unsigned int
      |          %u
arm-none-eabi-gcc -o "Test001.elf" @"objects.list"   -mcpu=cortex-m4 -T"C:\Users\HP\Desktop\MY_WORKSPACE\Test001\STM32F446RETX_FLASH.ld" --specs=nosys.specs -Wl,-Map="Test001.map" -Wl,--gc-sections -static -u _printf_float -specs=rdimon.specs -lc -lrdimon --specs=nano.specs -mfpu=fpv4-sp-d16 -mfloat-abi=hard -mthumb -Wl,--start-group -lc -lm -Wl,--end-group
Finished building target: Test001.elf
 
arm-none-eabi-objdump -h -S  Test001.elf  > "Test001.list"
arm-none-eabi-objcopy  -O binary  Test001.elf  "Test001.bin"
arm-none-eabi-size   Test001.elf 
   text	   data	    bss	    dec	    hex	filename
  16612	    484	   1764	  18860	   49ac	Test001.elf
Finished building: default.size.stdout
 
Finished building: Test001.bin
 
Finished building: Test001.list
 
12:45:09 **** Incremental Build of configuration Debug for project Test001 ****
make -j8 all 
arm-none-eabi-size   Test001.elf 
   text	   data	    bss	    dec	    hex	filename
  16612	    484	   1764	  18860	   49ac	Test001.elf
Finished building: default.size.stdout
 
12:51:44 **** Incremental Build of configuration Debug for project Test001 ****
make -j8 all 
arm-none-eabi-gcc "../Core/Src/main.c" -mcpu=cortex-m4 -std=gnu11 -g3 -DDEBUG -DSTM32F446xx -c -I../Core/Inc -I../Drivers/STM32F4xx_HAL_Driver/Inc -I../Drivers/STM32F4xx_HAL_Driver/Inc/Legacy -I../Drivers/CMSIS/Device/ST/STM32F4xx/Include -I../Drivers/CMSIS/Include -O0 -ffunction-sections -fdata-sections -Wall -fstack-usage -MMD -MP -MF"Core/Src/main.d" -MT"Core/Src/main.o" --specs=nano.specs -mfpu=fpv4-sp-d16 -mfloat-abi=hard -mthumb -o "Core/Src/main.o"
../Core/Src/main.c: In function 'main':
../Core/Src/main.c:23:12: warning: format '%lu' expects argument of type 'long unsigned int', but argument 2 has type 'int' [-Wformat=]
   23 |  printf("%lu\n",var1);
      |          ~~^    ~~~~
      |            |    |
      |            |    int
      |            long unsigned int
      |          %u
arm-none-eabi-gcc -o "Test001.elf" @"objects.list"   -mcpu=cortex-m4 -T"C:\Users\HP\Desktop\MY_WORKSPACE\Test001\STM32F446RETX_FLASH.ld" --specs=nosys.specs -Wl,-Map="Test001.map" -Wl,--gc-sections -static -u _printf_float -specs=rdimon.specs -lc -lrdimon --specs=nano.specs -mfpu=fpv4-sp-d16 -mfloat-abi=hard -mthumb -Wl,--start-group -lc -lm -Wl,--end-group
Finished building target: Test001.elf
 
arm-none-eabi-objdump -h -S  Test001.elf  > "Test001.list"
arm-none-eabi-objcopy  -O binary  Test001.elf  "Test001.bin"
arm-none-eabi-size   Test001.elf 
   text	   data	    bss	    dec	    hex	filename
  16612	    484	   1764	  18860	   49ac	Test001.elf
Finished building: default.size.stdout
 
Finished building: Test001.bin
 
Finished building: Test001.list
 
12:53:40 **** Incremental Build of configuration Debug for project Test001 ****
make -j8 all 
arm-none-eabi-gcc "../Core/Src/main.c" -mcpu=cortex-m4 -std=gnu11 -g3 -DDEBUG -DSTM32F446xx -c -I../Core/Inc -I../Drivers/STM32F4xx_HAL_Driver/Inc -I../Drivers/STM32F4xx_HAL_Driver/Inc/Legacy -I../Drivers/CMSIS/Device/ST/STM32F4xx/Include -I../Drivers/CMSIS/Include -O0 -ffunction-sections -fdata-sections -Wall -fstack-usage -MMD -MP -MF"Core/Src/main.d" -MT"Core/Src/main.o" --specs=nano.specs -mfpu=fpv4-sp-d16 -mfloat-abi=hard -mthumb -o "Core/Src/main.o"
arm-none-eabi-gcc -o "Test001.elf" @"objects.list"   -mcpu=cortex-m4 -T"C:\Users\HP\Desktop\MY_WORKSPACE\Test001\STM32F446RETX_FLASH.ld" --specs=nosys.specs -Wl,-Map="Test001.map" -Wl,--gc-sections -static -u _printf_float -specs=rdimon.specs -lc -lrdimon --specs=nano.specs -mfpu=fpv4-sp-d16 -mfloat-abi=hard -mthumb -Wl,--start-group -lc -lm -Wl,--end-group
Finished building target: Test001.elf
 
arm-none-eabi-objdump -h -S  Test001.elf  > "Test001.list"
arm-none-eabi-objcopy  -O binary  Test001.elf  "Test001.bin"
arm-none-eabi-size   Test001.elf 
   text	   data	    bss	    dec	    hex	filename
  16612	    484	   1764	  18860	   49ac	Test001.elf
Finished building: default.size.stdout
 
Finished building: Test001.bin
 
Finished building: Test001.list
 
12:55:28 **** Incremental Build of configuration Debug for project Test001 ****
make -j8 all 
arm-none-eabi-size   Test001.elf 
   text	   data	    bss	    dec	    hex	filename
  16612	    484	   1764	  18860	   49ac	Test001.elf
Finished building: default.size.stdout
 
12:56:26 **** Incremental Build of configuration Debug for project Test001 ****
make -j8 all 
arm-none-eabi-gcc "../Core/Src/main.c" -mcpu=cortex-m4 -std=gnu11 -g3 -DDEBUG -DSTM32F446xx -c -I../Core/Inc -I../Drivers/STM32F4xx_HAL_Driver/Inc -I../Drivers/STM32F4xx_HAL_Driver/Inc/Legacy -I../Drivers/CMSIS/Device/ST/STM32F4xx/Include -I../Drivers/CMSIS/Include -O0 -ffunction-sections -fdata-sections -Wall -fstack-usage -MMD -MP -MF"Core/Src/main.d" -MT"Core/Src/main.o" --specs=nano.specs -mfpu=fpv4-sp-d16 -mfloat-abi=hard -mthumb -o "Core/Src/main.o"
arm-none-eabi-gcc -o "Test001.elf" @"objects.list"   -mcpu=cortex-m4 -T"C:\Users\HP\Desktop\MY_WORKSPACE\Test001\STM32F446RETX_FLASH.ld" --specs=nosys.specs -Wl,-Map="Test001.map" -Wl,--gc-sections -static -u _printf_float -specs=rdimon.specs -lc -lrdimon --specs=nano.specs -mfpu=fpv4-sp-d16 -mfloat-abi=hard -mthumb -Wl,--start-group -lc -lm -Wl,--end-group
Finished building target: Test001.elf
 
arm-none-eabi-objdump -h -S  Test001.elf  > "Test001.list"
arm-none-eabi-objcopy  -O binary  Test001.elf  "Test001.bin"
arm-none-eabi-size   Test001.elf 
   text	   data	    bss	    dec	    hex	filename
  16604	    484	   1764	  18852	   49a4	Test001.elf
Finished building: default.size.stdout
 
Finished building: Test001.bin
 
Finished building: Test001.list
 
13:05:11 **** Incremental Build of configuration Debug for project Test001 ****
make -j8 all 
arm-none-eabi-size   Test001.elf 
   text	   data	    bss	    dec	    hex	filename
  16604	    484	   1764	  18852	   49a4	Test001.elf
Finished building: default.size.stdout
 
