stm32f446xx_GPIO.c:10:6:GPIO_init	24	static
stm32f446xx_GPIO.c:28:6:LED_ON	4	static
stm32f446xx_GPIO.c:32:6:LED_INIT	16	static
stm32f446xx_GPIO.c:42:6:LED_OFF	4	static
stm32f446xx_GPIO.c:45:6:LED_TOGGLE	8	static
stm32f446xx_GPIO.c:53:6:GPIO_OUTPUT_LOW	16	static
stm32f446xx_GPIO.c:56:6:GPIO_OUTPUT_HIGH	16	static
stm32f446xx_GPIO.c:59:10:GPIO_INPUT	16	static
stm32f446xx_GPIO.c:62:9:EXTI_LINE	16	static
stm32f446xx_GPIO.c:85:6:GPIO_INTERRUPT_CONFIG	32	static
stm32f446xx_GPIO.c:107:6:GPIO_ALT_INIT	24	static
